../Core/bsp/bsp_mpu6050.c:39:6:MX_I2C2_Init	8	static
../Core/bsp/bsp_mpu6050.c:82:6:HAL_I2C_MspInit	184	static
../Core/bsp/bsp_mpu6050.c:122:6:HAL_I2C_MspDeInit	16	static
../Core/bsp/bsp_mpu6050.c:193:6:Bsp_mpu_6050_Init	24	static
../Core/bsp/bsp_mpu6050.c:233:9:Bsp_mpu_6050_WHO_AM_I	32	static
../Core/bsp/bsp_mpu6050.c:244:6:Bsp_mpu_6050_wake_up	32	static
../Core/bsp/bsp_mpu6050.c:254:6:Bsp_mpu_6050_set_sample_rate	32	static
../Core/bsp/bsp_mpu6050.c:264:6:Bsp_mpu_6050_SetAccelerometer	32	static
../Core/bsp/bsp_mpu6050.c:300:6:Bsp_mpu_6050_SetGyroscope	32	static
../Core/bsp/bsp_mpu6050.c:336:6:TM_MPU6050_ReadAccelerometer	48	static
../Core/bsp/bsp_mpu6050.c:415:6:TM_MPU6050_ReadGyroscope	32	static
