../Core/bsp/cc1120.c:40:6:cc1120_gdo0_register_callback	16	static
../Core/bsp/cc1120.c:45:6:cc1120_gdo2_register_callback	16	static
../Core/bsp/cc1120.c:51:6:cc112x_hw_rst	8	static
../Core/bsp/cc1120.c:60:9:CC1120_SpiRead	32	static
../Core/bsp/cc1120.c:72:9:CC1120_SpiWrite	24	static
../Core/bsp/cc1120.c:83:9:CC1120_SpiCmdStrobe	32	static
../Core/bsp/cc1120.c:117:6:CC1120_ReadWriteBurstSingle	32	static
../Core/bsp/cc1120.c:153:9:CC1120_8BitRegAccess	24	static
../Core/bsp/cc1120.c:167:9:CC1120_16BitRegAccess	24	static
../Core/bsp/cc1120.c:182:9:CC1120_SpiWriteReg	32	static
../Core/bsp/cc1120.c:204:9:CC1120_SpiReadReg	32	static
../Core/bsp/cc1120.c:226:9:CC1120_SpiWriteTxFifo	24	static
../Core/bsp/cc1120.c:233:9:CC1120_SpiReadRxFifo	24	static
../Core/bsp/cc1120.c:243:6:GetPartAndVersion	48	static
../Core/bsp/cc1120.c:271:6:registerConfig	16	static
../Core/bsp/cc1120.c:311:9:CC1120_setFrequency	32	static
../Core/bsp/cc1120.c:398:6:manualCalibration	24	static
../Core/bsp/cc1120.c:540:6:perCC112xSetOutputPower	24	static
../Core/bsp/cc1120.c:560:6:cc1120_cmd_idle	16	static
../Core/bsp/cc1120.c:590:6:cc1120_cmd_calibrate	8	static,ignoring_inline_asm
../Core/bsp/cc1120.c:604:6:PacketSend	56	static,ignoring_inline_asm
../Core/bsp/cc1120.c:686:6:PacketSend2	56	static
../Core/bsp/cc1120.c:750:9:send_packet	24	static
../Core/bsp/cc1120.c:798:6:send_packet2	24	static
../Core/bsp/cc1120.c:854:6:HAL_GPIO_EXTI_Callback	16	static
../Core/bsp/cc1120.c:893:6:cc1120_freq_set	16	static
../Core/bsp/cc1120.c:918:6:cc1120_init	8	static
